// Jest Snapshot v1, https://goo.gl/fbAQLP

exports[`snapshot 1`] = `
<section
  className="sc-bdVaJa bDWFJH"
>
  <div
    className="sc-bwzfXH gRmwoP"
  >
    <div
      className="ratings-stars-container"
    >
      <div
        className="ratings-stars"
      />
      <span
        className="ratings-label"
      >
        overall
      </span>
    </div>
    <a
      className="view-all-ratings"
      href="/"
    >
      view all 
      14
       reviews
    </a>
  </div>
  <div
    className="sc-htpNat kaXRpo"
  >
    <div
      className="review-main-heading"
    >
      <div
        className="pro-con"
      >
        <p>
          PRO
        </p>
        <span>
          most helpful 4-5 star review
        </span>
      </div>
      <div
        className="pro-con"
      >
        <p>
          CON
        </p>
        <span>
          most helpful 1-2 star review
        </span>
      </div>
    </div>
    <hr />
    <div
      className="sc-bxivhb gSSgMV"
    >
      <div
        className="sc-ifAKCX fenHHe"
      >
        <div
          className="ratings-stars"
        />
        <h3
          className="review-title"
        >
          Fantastic Blender
        </h3>
        <p
          className="review-description"
        >
          This blender works amazingly, and blends within seconds.  The single serve cups also work really well for smoothies or protein shakes!
        </p>
        <div
          className="review-footer"
        >
          <span
            className="reviewer"
          >
            Eric
          </span>
          <span
            className="review-date"
          >
            Apr 18, 2013
          </span>
        </div>
      </div>
      <div
        className="sc-ifAKCX fenHHe"
      >
        <div
          className="ratings-stars"
        />
        <h3
          className="review-title"
        >
          Very unhappy
        </h3>
        <p
          className="review-description"
        >
          Less than 2 months after purchase it completely stopped working. First it wouldn't detect the pitcher when trying to blend a significant amount, a couple weeks later it wouldn't detect the single serve cup. 
        </p>
        <div
          className="review-footer"
        >
          <span
            className="reviewer"
          >
            New York
          </span>
          <span
            className="review-date"
          >
            Mar 11, 2013
          </span>
        </div>
      </div>
    </div>
  </div>
</section>
`;
